#-----------------------------------------------------------
# Vivado v2023.2 (64-bit)
# SW Build 4029153 on Fri Oct 13 20:14:34 MDT 2023
# IP Build 4028589 on Sat Oct 14 00:45:43 MDT 2023
# SharedData Build 4025554 on Tue Oct 10 17:18:54 MDT 2023
# Start of session at: Tue Oct 31 09:29:50 2023
# Process ID: 13516
# Current directory: C:/Users/Alain/Desktop/TFG_Proxecto/Vivado/Rede_Perceptron_UART/Rede_Perceptron_UART.runs/Mem_ROM_8_synth_1
# Command line: vivado.exe -log Mem_ROM_8.vds -product Vivado -mode batch -messageDb vivado.pb -notrace -source Mem_ROM_8.tcl
# Log file: C:/Users/Alain/Desktop/TFG_Proxecto/Vivado/Rede_Perceptron_UART/Rede_Perceptron_UART.runs/Mem_ROM_8_synth_1/Mem_ROM_8.vds
# Journal file: C:/Users/Alain/Desktop/TFG_Proxecto/Vivado/Rede_Perceptron_UART/Rede_Perceptron_UART.runs/Mem_ROM_8_synth_1\vivado.jou
# Running On: Medion, OS: Windows, CPU Frequency: 2208 MHz, CPU Physical cores: 6, Host memory: 17026 MB
#-----------------------------------------------------------
source Mem_ROM_8.tcl -notrace
