#-----------------------------------------------------------
# Vivado v2023.2 (64-bit)
# SW Build 4029153 on Fri Oct 13 20:14:34 MDT 2023
# IP Build 4028589 on Sat Oct 14 00:45:43 MDT 2023
# SharedData Build 4025554 on Tue Oct 10 17:18:54 MDT 2023
# Start of session at: Mon Nov 13 13:59:50 2023
# Process ID: 18960
# Current directory: C:/Users/Alain/Desktop/TFG_Proxecto/Vivado/Rede_Perceptron_UART
# Command line: vivado.exe -gui_launcher_event rodinguilauncherevent18644 C:\Users\Alain\Desktop\TFG_Proxecto\Vivado\Rede_Perceptron_UART\Rede_Perceptron_UART.xpr
# Log file: C:/Users/Alain/Desktop/TFG_Proxecto/Vivado/Rede_Perceptron_UART/vivado.log
# Journal file: C:/Users/Alain/Desktop/TFG_Proxecto/Vivado/Rede_Perceptron_UART\vivado.jou
# Running On: Medion, OS: Windows, CPU Frequency: 2208 MHz, CPU Physical cores: 6, Host memory: 17026 MB
#-----------------------------------------------------------
start_gui
open_project C:/Users/Alain/Desktop/TFG_Proxecto/Vivado/Rede_Perceptron_UART/Rede_Perceptron_UART.xpr
update_compile_order -fileset sources_1
